### test Download 
